Copyright 1986-2020 Xilinx, Inc. All Rights Reserved.
-------------------------------------------------------------------------------------
| Tool Version : Vivado v.2020.1 (win64) Build 2902540 Wed May 27 19:54:49 MDT 2020
| Date         : Wed Nov  4 13:29:48 2020
| Host         : DESKTOP-1K67A6C running 64-bit major release  (build 9200)
| Command      : report_control_sets -verbose -file au_top_0_control_sets_placed.rpt
| Design       : au_top_0
| Device       : xc7a35t
-------------------------------------------------------------------------------------

Control Set Information

Table of Contents
-----------------
1. Summary
2. Histogram
3. Flip-Flop Distribution
4. Detailed Control Set Information

1. Summary
----------

+----------------------------------------------------------+-------+
|                          Status                          | Count |
+----------------------------------------------------------+-------+
| Total control sets                                       |     8 |
|    Minimum number of control sets                        |     8 |
|    Addition due to synthesis replication                 |     0 |
|    Addition due to physical synthesis replication        |     0 |
| Unused register locations in slices containing registers |    29 |
+----------------------------------------------------------+-------+
* Control sets can be merged at opt_design using control_set_merge or merge_equivalent_drivers
** Run report_qor_suggestions for automated merging and remapping suggestions


2. Histogram
------------

+--------------------+-------+
|       Fanout       | Count |
+--------------------+-------+
| Total control sets |     8 |
| >= 0 to < 4        |     2 |
| >= 4 to < 6        |     1 |
| >= 6 to < 8        |     1 |
| >= 8 to < 10       |     0 |
| >= 10 to < 12      |     0 |
| >= 12 to < 14      |     0 |
| >= 14 to < 16      |     0 |
| >= 16              |     4 |
+--------------------+-------+
* Control sets can be remapped at either synth_design or opt_design


3. Flip-Flop Distribution
-------------------------

+--------------+-----------------------+------------------------+-----------------+--------------+
| Clock Enable | Synchronous Set/Reset | Asynchronous Set/Reset | Total Registers | Total Slices |
+--------------+-----------------------+------------------------+-----------------+--------------+
| No           | No                    | No                     |               4 |            3 |
| No           | No                    | Yes                    |               0 |            0 |
| No           | Yes                   | No                     |              10 |            5 |
| Yes          | No                    | No                     |               0 |            0 |
| Yes          | No                    | Yes                    |               0 |            0 |
| Yes          | Yes                   | No                     |              85 |           34 |
+--------------+-----------------------+------------------------+-----------------+--------------+


4. Detailed Control Set Information
-----------------------------------

+---------------------------------------+--------------------------+----------------------------+------------------+----------------+--------------+
|              Clock Signal             |       Enable Signal      |      Set/Reset Signal      | Slice Load Count | Bel Load Count | Bels / Slice |
+---------------------------------------+--------------------------+----------------------------+------------------+----------------+--------------+
|  tester/FSM_onehot_M_state_q_reg[7]_0 |                          |                            |                1 |              1 |         1.00 |
|  clk_IBUF_BUFG                        |                          |                            |                2 |              3 |         1.50 |
|  clk_IBUF_BUFG                        |                          | reset_cond/M_reset_cond_in |                1 |              4 |         4.00 |
|  clk_IBUF_BUFG                        |                          | reset_cond/Q[0]            |                4 |              6 |         1.50 |
|  clk_IBUF_BUFG                        | p_0_in                   | reset_cond/Q[0]            |                8 |             16 |         2.00 |
|  clk_IBUF_BUFG                        | io_dip_IBUF[16]          | reset_cond/Q[0]            |                9 |             16 |         1.78 |
|  clk_IBUF_BUFG                        | buttoncond/sel           | buttoncond/sync/clear      |                5 |             20 |         4.00 |
|  clk_IBUF_BUFG                        | buttoncond/M_tester_next | reset_cond/Q[0]            |               12 |             33 |         2.75 |
+---------------------------------------+--------------------------+----------------------------+------------------+----------------+--------------+


